// Jest Snapshot v1, https://goo.gl/fbAQLP

exports[`AccountForm should render the Xeplin Bank link 1`] = `
<div>
  <form
    class="space-y-2 p-5"
  >
    <div
      class="space-y-2"
    >
      <label
        class="text-sm font-medium leading-none peer-disabled:cursor-not-allowed peer-disabled:opacity-70"
        for=":r3:-form-item"
      >
        Name
      </label>
      <input
        aria-describedby=":r3:-form-item-description"
        aria-invalid="false"
        class="flex h-10 w-full rounded-md border border-input bg-background px-3 py-2 text-sm ring-offset-background file:border-0 file:bg-transparent file:text-sm file:font-medium placeholder:text-muted-foreground focus-visible:outline-none focus-visible:ring-2 focus-visible:ring-ring focus-visible:ring-offset-2 disabled:cursor-not-allowed disabled:opacity-50"
        data-testid="accountName"
        id=":r3:-form-item"
        name="accountName"
        placeholder="Enter your account name"
        value=""
      />
    </div>
    <div
      class="space-y-2"
    >
      <label
        class="text-sm font-medium leading-none peer-disabled:cursor-not-allowed peer-disabled:opacity-70"
        for=":r4:-form-item"
      >
        Number
      </label>
      <input
        aria-describedby=":r4:-form-item-description"
        aria-invalid="false"
        class="flex h-10 w-full rounded-md border border-input bg-background px-3 py-2 text-sm ring-offset-background file:border-0 file:bg-transparent file:text-sm file:font-medium placeholder:text-muted-foreground focus-visible:outline-none focus-visible:ring-2 focus-visible:ring-ring focus-visible:ring-offset-2 disabled:cursor-not-allowed disabled:opacity-50"
        data-testid="accountNumber"
        id=":r4:-form-item"
        maxlength="10"
        name="accountNumber"
        placeholder="Enter your account number"
        value=""
      />
    </div>
    <div
      class="space-y-2"
    >
      <label
        class="text-sm font-medium leading-none peer-disabled:cursor-not-allowed peer-disabled:opacity-70"
        for=":r5:-form-item"
      >
        Balance
      </label>
      <input
        aria-describedby=":r5:-form-item-description"
        aria-invalid="false"
        class="flex h-10 w-full rounded-md border border-input bg-background px-3 py-2 text-sm ring-offset-background file:border-0 file:bg-transparent file:text-sm file:font-medium placeholder:text-muted-foreground focus-visible:outline-none focus-visible:ring-2 focus-visible:ring-ring focus-visible:ring-offset-2 disabled:cursor-not-allowed disabled:opacity-50"
        data-testid="balance"
        id=":r5:-form-item"
        name="balance"
        type="number"
        value="0"
      />
    </div>
    <button
      class="inline-flex items-center justify-center rounded-md text-sm font-medium ring-offset-background transition-colors focus-visible:outline-none focus-visible:ring-2 focus-visible:ring-ring focus-visible:ring-offset-2 disabled:pointer-events-none disabled:opacity-50 bg-primary text-primary-foreground hover:bg-primary/90 h-10 px-4 py-2"
      data-testid="create"
      role="button"
      type="submit"
    >
      Create
    </button>
  </form>
</div>
`;
