// Jest Snapshot v1, https://goo.gl/fbAQLP

exports[`Deposit should render a message when accountId is not defined 1`] = `
<div>
  <div
    class="flex flex-col space-y-1.5 p-6"
  >
    <h3
      class="text-2xl font-semibold leading-none tracking-tight"
    >
      Desposit to account
    </h3>
  </div>
</div>
`;

exports[`Deposit should render the DepositForm when accountId is defined 1`] = `
<div>
  <div
    class="flex flex-col space-y-1.5 p-6"
  >
    <h3
      class="text-2xl font-semibold leading-none tracking-tight"
    >
      Deposit to account
    </h3>
  </div>
  <form
    class="space-y-2 pl-6"
  >
    <div
      class="space-y-2"
    >
      <label
        class="text-sm font-medium leading-none peer-disabled:cursor-not-allowed peer-disabled:opacity-70"
        for=":r0:-form-item"
      >
        Balance
      </label>
      <input
        aria-describedby=":r0:-form-item-description"
        aria-invalid="false"
        class="flex h-10 w-full rounded-md border border-input bg-background px-3 py-2 text-sm ring-offset-background file:border-0 file:bg-transparent file:text-sm file:font-medium placeholder:text-muted-foreground focus-visible:outline-none focus-visible:ring-2 focus-visible:ring-ring focus-visible:ring-offset-2 disabled:cursor-not-allowed disabled:opacity-50"
        id=":r0:-form-item"
        name="balance"
        type="number"
        value="0"
      />
    </div>
    <button
      class="inline-flex items-center justify-center rounded-md text-sm font-medium ring-offset-background transition-colors focus-visible:outline-none focus-visible:ring-2 focus-visible:ring-ring focus-visible:ring-offset-2 disabled:pointer-events-none disabled:opacity-50 bg-primary text-primary-foreground hover:bg-primary/90 h-10 px-4 py-2"
      type="submit"
    >
      Deposit
    </button>
  </form>
</div>
`;
